c 2000
ig 1 5 21 22 25
t g
c 1700
c 1648
to 1
fga o
r o
c 1631
fga o
r 21
c 1619
to 5
c 1610
fga o
r 22
c 1552
oj 25 -> o
c 1546
fga o
r o
c 1537
fga o
r 5
c 1518
fga 1
r o
c 1508
ig 5 14 21 22 25
c 1454
fga o
r o
fga o
r o
c 1431
fga o
r o
c 1419
fga o
r 22
c 1410
fga 5
r 21
fga 21
r o
c 1351
fga o
r o
c 1349
fta o
ig 1 5 21 22 25
fta o
r o
c 1321
fga o
r 5
fgm 25
a 5
c 1259
fga o
r 22
c 1250
ftm 5
ftm 5
c 1241
fgm o
c 0911
ig 3 14 21 22 25
fta o
ftm o
c 0858
fga 3
r o
fga o
j -> g
fga 3
r o
fta o
r 14
c 0808
to 3
fgm o
fga 25
r o
fga o
r 14
fga 14
r o
c 0722
ig 1 5 21 22 25
to 25
fga o
r 22
c 0600
fga 5
r o
fgm o
c 0511
fga 5
r 1
fga 1
r o
fgm o
fga 25
r o
c 0334
fga 22
r o
fga o
r 5
fga 5
r o
fga o
r 5
c 0256
fgm 21
a 1
fga o
r 22
c 0248
ig 1 2 3 14 22
fga 22
r o
c 0136
fga o
r 14
fga 3
r o
j -> o
c 0048
fga 14
r o
c 0000
c 2000
ig 1 3 14 22 25
fga o
r o
fga o
r 25
c 1935
fga 25
r o
c 1918
fgm o
c 1904
fga 3
r o
fga o
r 3
fga 22
r o
c 1812
ig 1 2 14 21 25
3fga 1
r o
c 1754
fga o
r 14
fga 14
r o
fga o
r o
fga o
r o
fga o
r 2
fga 14
r o
c 1622
fga 2
r o
fgm o
c 1551
fga 14
r o
fga o
r o
fga o
r o
fgm o
c 1526
fta o
r 1
3fga 21
r o
c 1437
fga o
r 14
c 1434
ig 1 3 5 22 25
fga 1
r 1
fgm 1
c 1405
fga o
r o
fga o
r o
fga o
r o
fga o
r o
fta o
r 22
fga 22
r o
c 1304
fga 22
r o
fga o
r 25
fga 1
r o
fga o
r 22
fga 1
r o
fga 1
r 3
c 1208
ig 1 2 14 21 25
fga 14
r o
fga o
r 2
fga 14
r o
fga o
r 14
c 1109
fga 21
r o
fga o
r o
fga o
r o
fga o
r o
fga o
r 14
fga 14
r o
fga o
r o
fga o
r 21
fga 21
r 21
fga 21
r o
fga o
r 2
fga 14
r o
fga o
r 14
fga 21
r o
fga o
r 21
fga 21
r o
fga o
r o
fga o
r o
c 0850
ig 1 3 5 14 25
fga 25
r o
fga o
r 25
fga 3
r o
fta o
fta o
3fga 5
r o
s 25
fga 25
r o
c 0830
3fga 3
r o
fga o
r 25
fga 25
r o
fga o
fta o
fta o
r o
fga o
r 25
fgm 1
a 3
c 0815
3fga 25
r o
fga o
r 3
fga 25
r 25
fga 25
r o
fgm o
c 0802
ig 1 14 21 22 25
3fga o
r 14
to 22
fga o
r 22
oj 22 -> g
c 0722
to 14
c 0658
3fga 25
r o
fgm o
c 0608
fga o
r 14
oj 14 -> g
c 0530
fgm 22
a 14
c 0459
fga 22
r o
fgm o
c 0433
to 22
fga o
r o
fga o
r 25
3fga 14
r o
c 0345
fga 14
r o
c 0330
fgm 14
a 1
c 0318
fga o
r 14
fga 14
r o
c 0240
s 25
c 0231
to 1
c 0225
fga o
r 22
fgm 14
c 0152
3fga o
r 22
c 0141
to 25
c 0113
s 22
fga 22
r o
fga o
r 22
oj 22 -> o
c 0047
s 14
c 0031
ig 1 3 14 22 25
fgm 14
a 3
c 0009
fga o
r 22
oj 22 -> o
fga o
r o
fga o
r 14
to 14
fga o
r o
fga o
r 25
c 0000
